AREA .  .ABS.
	RADIX HEX
	BASE 0000
	SIZE 0000
	ATTRIB ABS OVR
	GLOBALS
		l__HEAP	0000
		l__BSEG	0000
		l_.  .ABS.	0000
		l__GSFINAL	0000
		l__ISEG	0000
		s_.  .ABS.	0000
		s__HEADER	0000
		l__XSEG	0000
		.init	0000
		l__OVERLAY	0000
		l__LIT	0000
		l__GSINITTAIL	0001
		l__BSS	0087
		l__HEADER	01EB
		s__CODE	0200
		l__GSINIT	0255
		l__DATA	02C8
		l__HOME	04AD
		l__BASE	0FD3
		l__CODE	1D1E
		s__HOME	1F1E
		s__BASE	23CB
		s__LIT	339E
		s__GSINIT	339E
		s__GSINITTAIL	35F3
		s__GSFINAL	35F4
		.OAM	C000
		s__DATA	C0A0
		s__BSS	C368
		s__HEAP	C3EF
		s__BSEG	C3EF
		s__ISEG	C3EF
		s__XSEG	C3EF
		s__OVERLAY	C3EF
		.STACK	E000
		.refresh_OAM	FF80
AREA _CODE
	RADIX HEX
	BASE 0200
	SIZE 1D1E
	ATTRIB REL CON
	GLOBALS
		_wait	0200
		_Background_data	0214
		_Background_map	03F4
		_game_over_screen	055C
		_sprite_collision	05CA
		_head_tail_collision	0764
		_background_collision	07CD
		_move_snake	089A
		_movefood	0B72
		_main	0C2E
		__divschar_rrx_s	16AB
		__divschar_rrx_hds	16B2
		__modschar_rrx_s	16B9
		__modschar_rrx_hds	16C0
		__divsint_rrx_s	16C5
		__divsint_rrx_hds	16D1
		__modsint_rrx_s	16D9
		__modsint_rrx_hds	16E5
		__divuchar_rrx_s	16EB
		__divuchar_rrx_hds	16F2
		__moduchar_rrx_s	16F9
		__moduchar_rrx_hds	1700
		__divuint_rrx_s	1705
		__divuint_rrx_hds	1711
		__moduint_rrx_s	1719
		__moduint_rrx_hds	1725
		.mod8	172B
		.div8	172B
		.mod16	1733
		.div16	1733
		.modu8	176D
		.divu8	176D
		.modu16	1770
		.divu16	1770
		_putchar	17AD
		_setchar	17B6
		_gotoxy	17BF
		_posx	17CA
		_posy	17DB
		.adv_gcurs	17EC
		.circle	1809
		.horlin	18AC
		.verlin	18E4
		.circplot	1940
		.box	19BE
		.line	1A94
		.xonly	1BB5
		.yonly	1D04
		.plot	1D25
		.wrbyte	1D42
		.getpix	1DC4
		.wrtchr	1DF9
		_gotogxy	1E5D
		_wrtchr	1E68
		_getpix	1E7D
		_color	1E89
		_circle	1E98
		_box	1EB2
		_line	1ED6
		_plot_point	1EEE
		_plot	1F02
AREA _HEADER
	RADIX HEX
	BASE 0000
	SIZE 01EB
	ATTRIB ABS OVR
	GLOBALS
		_exit	01D2
AREA _HOME
	RADIX HEX
	BASE 1F1E
	SIZE 04AD
	ATTRIB REL CON
	GLOBALS
		.set_mode	1F1E
		.remove_VBL	1F2E
		.remove_LCD	1F34
		.remove_TIM	1F3A
		.remove_SIO	1F40
		.remove_JOY	1F46
		.add_VBL	1F4C
		.add_LCD	1F52
		.add_TIM	1F58
		.add_SIO	1F5E
		.add_JOY	1F64
		.remove_int	1F6A
		.add_int	1F8A
		.wait_vbl_done	1FA6
		_wait_vbl_done	1FA6
		_display_off	1FBD
		.display_off	1FBD
		.serial_IO	1FDE
		_mode	200D
		_get_mode	2016
		_enable_interrupts	201B
		_disable_interrupts	201D
		_reset	201F
		.reset	201F
		_set_interrupts	2025
		_remove_VBL	2030
		_remove_LCD	203B
		_remove_TIM	2046
		_remove_SIO	2051
		_remove_JOY	205C
		_add_VBL	2067
		_add_LCD	2072
		_add_TIM	207D
		_add_SIO	2088
		_add_JOY	2093
		_clock	209E
		__printTStates	20A7
		banked_call	20A8
		banked_ret	20C1
		__initrleblock	20CA
		_printf	20F1
		_sprintf	210E
AREA _BASE
	RADIX HEX
	BASE 23CB
	SIZE 0FD3
	ATTRIB REL CON
	GLOBALS
		.set_sprite_prop	23CB
		_set_sprite_prop	23D8
		.mv_sprite	23E3
		_move_sprite	23F2
		_set_win_data	23FF
		_set_bkg_data	23FF
		_set_sprite_data	244C
		.padup	247B
		_waitpadup	247B
		.jpad	248B
		.wait_pad	24B8
		_joypad	24BF
		_waitpad	24C4
		.set_sprite_tile	24CE
		_set_sprite_tile	24DB
		.get_sprite_prop	24E6
		_get_sprite_prop	24F3
		.copy_vram	24FC
		_get_data	250B
		_set_data	250B
		_set_bkg_tiles	251E
		font_copy_uncompressed	2532
		font_copy_compressed	2568
		font_load	25BD
		font_copy_current	2605
		font_set	264D
		.put_char	265A
		.out_char	2673
		.del_char	267A
		_font_load	26D5
		_font_set	26E3
		_font_init	26F2
		_cls	2714
		.cls	2714
		.cr_curs	2746
		.adv_curs	275B
		.tmode	27B7
		.tmode_out	27E0
		_font_load_ibm_fixed	27F0
		_font_ibm_fixed	27F7
		_font_ibm_fixed_tiles	28F9
		.gmode	30F9
		.vbl	315B
		.lcd	3166
		.draw_image	3173
		.switch_data	317D
		_switch_data	31B4
		_draw_image	31CF
		.y_table	31E2
		.set_xy_wtt	3302
		.set_xy_btt	3313
		.set_xy_tt	3322
		_set_tiles	3353
		.init_vram	336C
		.init_wtt	337A
		.init_btt	338A
		.init_tt	3398
AREA _LIT
	RADIX HEX
	BASE 339E
	SIZE 0000
	ATTRIB REL CON
AREA _GSINIT
	RADIX HEX
	BASE 339E
	SIZE 0255
	ATTRIB REL CON
	GLOBALS
		gsinit	339E
AREA _GSINITTAIL
	RADIX HEX
	BASE 35F3
	SIZE 0001
	ATTRIB REL CON
AREA _GSFINAL
	RADIX HEX
	BASE 35F4
	SIZE 0000
	ATTRIB REL CON
AREA _DATA
	RADIX HEX
	BASE C0A0
	SIZE 02C8
	ATTRIB REL CON
	GLOBALS
		_snake_round_sprite	C0A0
		_food	C0F0
		_bkg_tiles	C120
		_bkg_map	C1F0
		_SCREEN_L	C358
		_SCREEN_WIDTH	C359
		_SCREEN_T	C35A
		_SCREEN_HEIGHT	C35B
		_SNAKE_MEMIND	C35C
		_SNAKE_NTILES	C35D
		_SNAKE_HEAD_UP	C35E
		_SNAKE_HEAD_L	C35F
		_SNAKE_DEAD_HEAD_UP	C360
		_SNAKE_DEAD_HEAD_L	C361
		_SNAKE_BODY	C362
		_FOOD_MEMIND	C363
		_FOOD_NTILES	C364
		_FOOD_BISCUIT	C365
		_FOOD_CARROT	C366
		_FOOD_TURNIP	C367
AREA _BSS
	RADIX HEX
	BASE C368
	SIZE 0087
	ATTRIB REL CON
	GLOBALS
		__cpu	C368
		.mode	C369
		__io_out	C36A
		__io_in	C36B
		__io_status	C36C
		.vbl_done	C36D
		__current_bank	C36E
		_sys_time	C36F
		.sys_time	C36F
		.int_0x40	C371
		.int_0x48	C381
		.int_0x50	C391
		.int_0x58	C3A1
		.int_0x60	C3B1
		font_current	C3C4
		font_first_free_tile	C3C7
		font_table	C3C8
		.curx	C3DA
		.cury	C3DB
		.fg_colour	C3DC
		.bg_colour	C3DD
AREA _HEAP
	RADIX HEX
	BASE C3EF
	SIZE 0000
	ATTRIB REL CON
	GLOBALS
		_malloc_heap_start	C3EF
AREA _OVERLAY
	RADIX HEX
	BASE C3EF
	SIZE 0000
	ATTRIB REL CON
AREA _ISEG
	RADIX HEX
	BASE C3EF
	SIZE 0000
	ATTRIB REL CON
AREA _BSEG
	RADIX HEX
	BASE C3EF
	SIZE 0000
	ATTRIB REL CON
AREA _XSEG
	RADIX HEX
	BASE C3EF
	SIZE 0000
	ATTRIB REL CON
MODULES
	FILE /opt/gbdk/lib/small/asxxxx/gb/crt0.o
		NAME Runtime
	FILE main.o
		NAME lcc34050
LIBRARIES
	LIBRARY /opt/gbdk/lib/small/asxxxx/gbz80/gbz80.lib
		MODULE crt0_rle.o
	LIBRARY /opt/gbdk/lib/small/asxxxx/gb/gb.lib
		MODULE set_prop.o
	LIBRARY /opt/gbdk/lib/small/asxxxx/gb/gb.lib
		MODULE mv_spr.o
	LIBRARY /opt/gbdk/lib/small/asxxxx/gb/gb.lib
		MODULE set_data.o
	LIBRARY /opt/gbdk/lib/small/asxxxx/gb/gb.lib
		MODULE pad.o
	LIBRARY /opt/gbdk/lib/small/asxxxx/gb/gb.lib
		MODULE set_spr.o
	LIBRARY /opt/gbdk/lib/small/asxxxx/gbz80/gbz80.lib
		MODULE printf.o
	LIBRARY /opt/gbdk/lib/small/asxxxx/gb/gb.lib
		MODULE get_prop.o
	LIBRARY /opt/gbdk/lib/small/asxxxx/gb/gb.lib
		MODULE cpy_data.o
	LIBRARY /opt/gbdk/lib/small/asxxxx/gb/gb.lib
		MODULE set_bk_t.o
	LIBRARY /opt/gbdk/lib/small/asxxxx/gbz80/gbz80.lib
		MODULE div.o
	LIBRARY /opt/gbdk/lib/small/asxxxx/gb/gb.lib
		MODULE font.o
	LIBRARY /opt/gbdk/lib/small/asxxxx/gb/gb.lib
		MODULE ibmfixed.o
	LIBRARY /opt/gbdk/lib/small/asxxxx/gb/gb.lib
		MODULE drawing.o
	LIBRARY /opt/gbdk/lib/small/asxxxx/gb/gb.lib
		MODULE set_xy_t.o
	LIBRARY /opt/gbdk/lib/small/asxxxx/gb/gb.lib
		MODULE init_tt.o
USERBASEDEF
	_CODE=0x0200
	_DATA=0xC0A0
	_CODE_1=0x4000
USERGLOBALDEF
	.OAM=0xC000
	.STACK=0xE000
	.refresh_OAM=0xFF80
	.init=0x0000
