AREA .  .ABS.
	RADIX HEX
	BASE 0000
	SIZE 0000
	ATTRIB ABS OVR
	GLOBALS
		l__HEAP	0000
		l__BSEG	0000
		l_.  .ABS.	0000
		l__GSFINAL	0000
		l__ISEG	0000
		s_.  .ABS.	0000
		s__HEADER	0000
		l__XSEG	0000
		.init	0000
		l__OVERLAY	0000
		l__LIT	0000
		l__GSINITTAIL	0001
		l__BSS	0059
		l__DATA	0090
		l__GSINIT	0104
		l__BASE	0196
		l__HOME	01D3
		l__HEADER	01E1
		s__CODE	0200
		l__CODE	0E81
		s__HOME	1081
		s__BASE	1254
		s__LIT	13EA
		s__GSINIT	13EA
		s__GSINITTAIL	14EE
		s__GSFINAL	14EF
		.OAM	C000
		s__DATA	C0A0
		s__BSS	C130
		s__HEAP	C189
		s__BSEG	C189
		s__ISEG	C189
		s__XSEG	C189
		s__OVERLAY	C189
		.STACK	E000
		.refresh_OAM	FF80
AREA _CODE
	RADIX HEX
	BASE 0200
	SIZE 0E81
	ATTRIB REL CON
	GLOBALS
		_wait	0200
		_move_snake	0214
		_movefood	0489
		_sprite_collision	0567
		_main	06F2
AREA _HEADER
	RADIX HEX
	BASE 0000
	SIZE 01E1
	ATTRIB ABS OVR
	GLOBALS
		_exit	01D2
AREA _HOME
	RADIX HEX
	BASE 1081
	SIZE 01D3
	ATTRIB REL CON
	GLOBALS
		.set_mode	1081
		.remove_VBL	1091
		.remove_LCD	1097
		.remove_TIM	109D
		.remove_SIO	10A3
		.remove_JOY	10A9
		.add_VBL	10AF
		.add_LCD	10B5
		.add_TIM	10BB
		.add_SIO	10C1
		.add_JOY	10C7
		.remove_int	10CD
		.add_int	10ED
		.wait_vbl_done	1109
		_wait_vbl_done	1109
		_display_off	1120
		.display_off	1120
		.serial_IO	1141
		_mode	1170
		_get_mode	1179
		_enable_interrupts	117E
		_disable_interrupts	1180
		_reset	1182
		.reset	1182
		_set_interrupts	1188
		_remove_VBL	1193
		_remove_LCD	119E
		_remove_TIM	11A9
		_remove_SIO	11B4
		_remove_JOY	11BF
		_add_VBL	11CA
		_add_LCD	11D5
		_add_TIM	11E0
		_add_SIO	11EB
		_add_JOY	11F6
		_clock	1201
		__printTStates	120A
		banked_call	120B
		banked_ret	1224
		__initrleblock	122D
AREA _BASE
	RADIX HEX
	BASE 1254
	SIZE 0196
	ATTRIB REL CON
	GLOBALS
		.set_sprite_prop	1254
		_set_sprite_prop	1261
		.mv_sprite	126C
		_move_sprite	127B
		_set_win_data	1288
		_set_bkg_data	1288
		_set_sprite_data	12D5
		.padup	1304
		_waitpadup	1304
		.jpad	1314
		.wait_pad	1341
		_joypad	1348
		_waitpad	134D
		.set_sprite_tile	1357
		_set_sprite_tile	1364
		.delay	136F
		_delay	13A9
		.get_sprite_prop	13B2
		_get_sprite_prop	13BF
		.copy_vram	13C8
		_get_data	13D7
		_set_data	13D7
AREA _LIT
	RADIX HEX
	BASE 13EA
	SIZE 0000
	ATTRIB REL CON
AREA _GSINIT
	RADIX HEX
	BASE 13EA
	SIZE 0104
	ATTRIB REL CON
	GLOBALS
		gsinit	13EA
AREA _GSINITTAIL
	RADIX HEX
	BASE 14EE
	SIZE 0001
	ATTRIB REL CON
AREA _GSFINAL
	RADIX HEX
	BASE 14EF
	SIZE 0000
	ATTRIB REL CON
AREA _DATA
	RADIX HEX
	BASE C0A0
	SIZE 0090
	ATTRIB REL CON
	GLOBALS
		_snake_round_sprite	C0A0
		_food	C0F0
		_SCREEN_L	C120
		_SCREEN_WIDTH	C121
		_SCREEN_T	C122
		_SCREEN_HEIGHT	C123
		_SNAKE_MEMIND	C124
		_SNAKE_NTILES	C125
		_SNAKE_HEAD_UP	C126
		_SNAKE_HEAD_L	C127
		_SNAKE_DEAD_HEAD_UP	C128
		_SNAKE_DEAD_HEAD_L	C129
		_SNAKE_BODY	C12A
		_FOOD_MEMIND	C12B
		_FOOD_NTILES	C12C
		_FOOD_BISCUIT	C12D
		_FOOD_CARROT	C12E
		_FOOD_TURNIP	C12F
AREA _BSS
	RADIX HEX
	BASE C130
	SIZE 0059
	ATTRIB REL CON
	GLOBALS
		__cpu	C130
		.mode	C131
		__io_out	C132
		__io_in	C133
		__io_status	C134
		.vbl_done	C135
		__current_bank	C136
		_sys_time	C137
		.sys_time	C137
		.int_0x40	C139
		.int_0x48	C149
		.int_0x50	C159
		.int_0x58	C169
		.int_0x60	C179
AREA _HEAP
	RADIX HEX
	BASE C189
	SIZE 0000
	ATTRIB REL CON
	GLOBALS
		_malloc_heap_start	C189
AREA _OVERLAY
	RADIX HEX
	BASE C189
	SIZE 0000
	ATTRIB REL CON
AREA _ISEG
	RADIX HEX
	BASE C189
	SIZE 0000
	ATTRIB REL CON
AREA _BSEG
	RADIX HEX
	BASE C189
	SIZE 0000
	ATTRIB REL CON
AREA _XSEG
	RADIX HEX
	BASE C189
	SIZE 0000
	ATTRIB REL CON
MODULES
	FILE /opt/gbdk/lib/small/asxxxx/gb/crt0.o
		NAME Runtime
	FILE main.o
		NAME lcc36860
LIBRARIES
	LIBRARY /opt/gbdk/lib/small/asxxxx/gbz80/gbz80.lib
		MODULE crt0_rle.o
	LIBRARY /opt/gbdk/lib/small/asxxxx/gb/gb.lib
		MODULE set_prop.o
	LIBRARY /opt/gbdk/lib/small/asxxxx/gb/gb.lib
		MODULE mv_spr.o
	LIBRARY /opt/gbdk/lib/small/asxxxx/gb/gb.lib
		MODULE set_data.o
	LIBRARY /opt/gbdk/lib/small/asxxxx/gb/gb.lib
		MODULE pad.o
	LIBRARY /opt/gbdk/lib/small/asxxxx/gb/gb.lib
		MODULE set_spr.o
	LIBRARY /opt/gbdk/lib/small/asxxxx/gb/gb.lib
		MODULE delay.o
	LIBRARY /opt/gbdk/lib/small/asxxxx/gb/gb.lib
		MODULE get_prop.o
	LIBRARY /opt/gbdk/lib/small/asxxxx/gb/gb.lib
		MODULE cpy_data.o
USERBASEDEF
	_CODE=0x0200
	_DATA=0xC0A0
	_CODE_1=0x4000
USERGLOBALDEF
	.OAM=0xC000
	.STACK=0xE000
	.refresh_OAM=0xFF80
	.init=0x0000
